// Jest Snapshot v1, https://goo.gl/fbAQLP

exports[`matches snapshot 1`] = `
<DocumentFragment>
  <div
    class="placeholder"
  >
    <div
      class="text"
    >
      <p>
        Start by searching for a video and adding it to the queue.
      </p>
      <p>
        You can then click the video to begin watching.
      </p>
    </div>
  </div>
</DocumentFragment>
`;
